◇ injected env (8) from .env // tip: ⌘ multiple files { path: ['.env.local', '.env'] }
Connection string exists: true
Pool created: object
Pool query: function
◇ injected env (0) from .env // tip: ⌘ custom filepath { path: '/custom/path/.env' }
JWT_SECRET loaded: YES
Tables ready
Server running on port 3000
DEBUG /api/auth/me - decoded role: admin user_id: 9
DEBUG /api/auth/me - decoded role: admin user_id: 9
DEBUG /api/auth/me - decoded role: admin user_id: 9
DEBUG /api/auth/me - decoded role: admin user_id: 9
DEBUG /api/auth/me - decoded role: admin user_id: 9
DEBUG /api/auth/me - decoded role: admin user_id: 9
DEBUG /api/auth/me - decoded role: admin user_id: 9
DEBUG /api/auth/me - decoded role: admin user_id: 9
DEBUG /api/auth/me - decoded role: admin user_id: 176
DEBUG /api/auth/me - decoded role: admin user_id: 9
DEBUG /api/auth/me - decoded role: admin user_id: 9
DEBUG /api/auth/me - decoded role: admin user_id: 9
DEBUG /api/auth/me - decoded role: admin user_id: 9
DEBUG /api/auth/me - decoded role: admin user_id: 9
DEBUG /api/auth/me - decoded role: admin user_id: 9
DEBUG /api/auth/me - decoded role: coordinator user_id: 186
DEBUG /api/auth/me - decoded role: coordinator user_id: 186
DEBUG /api/auth/me - decoded role: super_admin user_id: 5
DEBUG /api/auth/me - decoded role: super_admin user_id: 5
DEBUG /api/auth/me - decoded role: admin user_id: 9
DEBUG /api/auth/me - decoded role: admin user_id: 9
DEBUG /api/auth/me - decoded role: admin user_id: 9
DEBUG /api/auth/me - decoded role: admin user_id: 9
DEBUG /api/auth/me - decoded role: admin user_id: 176
DEBUG /api/auth/me - decoded role: admin user_id: 176
DEBUG /api/auth/me - decoded role: admin user_id: 176
DEBUG /api/auth/me - decoded role: admin user_id: 176
DEBUG /api/auth/me - decoded role: admin user_id: 9
DEBUG /api/auth/me - decoded role: admin user_id: 9
DEBUG /api/auth/me - decoded role: admin user_id: 9
DEBUG /api/auth/me - decoded role: admin user_id: 9
DEBUG /api/auth/me - decoded role: admin user_id: 9
DEBUG /api/auth/me - decoded role: admin user_id: 9
DEBUG /api/auth/me - decoded role: admin user_id: 9
DEBUG /api/auth/me - decoded role: admin user_id: 9
DEBUG /api/auth/me - decoded role: admin user_id: 9
DEBUG /api/auth/me - decoded role: admin user_id: 9
DEBUG /api/auth/me - decoded role: admin user_id: 9
DEBUG /api/auth/me - decoded role: admin user_id: 9
DEBUG /api/auth/me - decoded role: admin user_id: 9
DEBUG /api/auth/me - decoded role: admin user_id: 9
DEBUG /api/auth/me - decoded role: coordinator user_id: 187
DEBUG /api/auth/me - decoded role: coordinator user_id: 187
DEBUG /api/auth/me - decoded role: admin user_id: 176
DEBUG /api/auth/me - decoded role: super_admin user_id: 5
DEBUG /api/auth/me - decoded role: super_admin user_id: 5
DEBUG /api/auth/me - decoded role: admin user_id: 176
DEBUG /api/auth/me - decoded role: super_admin user_id: 5
DEBUG /api/auth/me - decoded role: super_admin user_id: 5
DEBUG /api/auth/me - decoded role: admin user_id: 176
DEBUG /api/auth/me - decoded role: admin user_id: 176
DEBUG /api/auth/me - decoded role: admin user_id: 176
DEBUG /api/auth/me - decoded role: admin user_id: 176
DEBUG /api/auth/me - decoded role: admin user_id: 176
DEBUG /api/auth/me - decoded role: admin user_id: 176
DEBUG /api/auth/me - decoded role: admin user_id: 176
DEBUG /api/auth/me - decoded role: admin user_id: 176
DEBUG /api/auth/me - decoded role: super_admin user_id: 5
DEBUG /api/auth/me - decoded role: super_admin user_id: 5
DEBUG /api/auth/me - decoded role: admin user_id: 176
DEBUG /api/auth/me - decoded role: admin user_id: 176
DEBUG /api/auth/me - decoded role: admin user_id: 176
DEBUG /api/auth/me - decoded role: admin user_id: 176
DEBUG /api/auth/me - decoded role: admin user_id: 176
DEBUG /api/auth/me - decoded role: admin user_id: 176
DEBUG /api/auth/me - decoded role: admin user_id: 176
DEBUG /api/auth/me - decoded role: admin user_id: 176
DEBUG /api/auth/me - decoded role: admin user_id: 176
DEBUG /api/auth/me - decoded role: admin user_id: 176
DEBUG /api/auth/me - decoded role: admin user_id: 176
DEBUG /api/auth/me - decoded role: admin user_id: 176
DEBUG /api/auth/me - decoded role: admin user_id: 176
DEBUG /api/auth/me - decoded role: admin user_id: 176
DEBUG /api/auth/me - decoded role: admin user_id: 176
DEBUG /api/auth/me - decoded role: admin user_id: 176
DEBUG /api/auth/me - decoded role: admin user_id: 176
DEBUG /api/auth/me - decoded role: admin user_id: 176
DEBUG /api/auth/me - decoded role: admin user_id: 176
DEBUG /api/auth/me - decoded role: admin user_id: 176
DEBUG /api/auth/me - decoded role: admin user_id: 176
DEBUG /api/auth/me - decoded role: admin user_id: 176
DEBUG /api/auth/me - decoded role: admin user_id: 176
DEBUG /api/auth/me - decoded role: admin user_id: 176
DEBUG /api/auth/me - decoded role: admin user_id: 176
DEBUG /api/auth/me - decoded role: admin user_id: 176
DEBUG /api/auth/me - decoded role: admin user_id: 176
DEBUG /api/auth/me - decoded role: admin user_id: 176
DEBUG /api/auth/me - decoded role: admin user_id: 176
DEBUG /api/auth/me - decoded role: admin user_id: 176
DEBUG /api/auth/me - decoded role: admin user_id: 176
DEBUG /api/auth/me - decoded role: admin user_id: 176
DEBUG /api/auth/me - decoded role: admin user_id: 176
DEBUG /api/auth/me - decoded role: admin user_id: 176
DEBUG /api/auth/me - decoded role: admin user_id: 176
DEBUG /api/auth/me - decoded role: admin user_id: 176
DEBUG /api/auth/me - decoded role: admin user_id: 176
DEBUG /api/auth/me - decoded role: admin user_id: 176
DEBUG /api/auth/me - decoded role: admin user_id: 176
